
Memory Configuration

Name             Origin             Length             Attributes
FLASH            0x00000000         0x00040000         xr
SRAM             0x20000000         0x00008000         xrw
*default*        0x00000000         0xffffffff

Linker script and memory map


.text           0x00000000      0x1ac
 *(.vectors*)
 .vectors       0x00000000       0x1c startup.o
                0x00000000                vector
 *(.text*)
 .text          0x0000001c       0xcc main.o
                0x0000001c                delay
                0x00000064                main
 .text          0x000000e8       0xc4 startup.o
                0x000000e8                Reset_Handler
                0x000001a0                Bus_Fault_Handler
                0x000001a0                Mem_Manage_Handler
                0x000001a0                Default_Handler
                0x000001a0                Usage_Fault_Handler
                0x000001a0                Hard_Fault_Handler
                0x000001a0                NMI_Handler
 *(.rodata*)
                0x000001ac                . = ALIGN (0x4)
                0x000001ac                _TEXT_END = .

.glue_7         0x000001ac        0x0
 .glue_7        0x00000000        0x0 linker stubs

.glue_7t        0x000001ac        0x0
 .glue_7t       0x00000000        0x0 linker stubs

.vfp11_veneer   0x000001ac        0x0
 .vfp11_veneer  0x00000000        0x0 linker stubs

.v4_bx          0x000001ac        0x0
 .v4_bx         0x00000000        0x0 linker stubs

.iplt           0x000001ac        0x0
 .iplt          0x00000000        0x0 main.o

.rel.dyn        0x000001ac        0x0
 .rel.iplt      0x00000000        0x0 main.o

.data           0x20000000        0x0 load address 0x000001ac
                0x20000000                _DATA_START = .
 *(.data*)
 .data          0x20000000        0x0 main.o
 .data          0x20000000        0x0 startup.o
                0x20000000                . = ALIGN (0x4)
                0x20000000                _DATA_END = .

.igot.plt       0x20000000        0x0 load address 0x000001ac
 .igot.plt      0x00000000        0x0 main.o

.bss            0x20000000      0x400 load address 0x000001ac
                0x20000000                _BSS_START = .
 *(.bss*)
 .bss           0x20000000        0x0 main.o
 .bss           0x20000000      0x400 startup.o
                0x20000400                . = ALIGN (0x4)
                0x20000400                _BSS_END = .
LOAD main.o
LOAD startup.o
OUTPUT(Blinking_TM4C123G_Lab_3.elf elf32-littlearm)

.debug_info     0x00000000      0x263
 .debug_info    0x00000000       0xc5 main.o
 .debug_info    0x000000c5      0x19e startup.o

.debug_abbrev   0x00000000      0x15b
 .debug_abbrev  0x00000000       0x8e main.o
 .debug_abbrev  0x0000008e       0xcd startup.o

.debug_loc      0x00000000       0xc8
 .debug_loc     0x00000000       0x64 main.o
 .debug_loc     0x00000064       0x64 startup.o

.debug_aranges  0x00000000       0x40
 .debug_aranges
                0x00000000       0x20 main.o
 .debug_aranges
                0x00000020       0x20 startup.o

.debug_line     0x00000000       0xd8
 .debug_line    0x00000000       0x73 main.o
 .debug_line    0x00000073       0x65 startup.o

.debug_str      0x00000000      0x145
 .debug_str     0x00000000       0x9e main.o
                                 0xc0 (size before relaxing)
 .debug_str     0x0000009e       0xa7 startup.o
                                0x15d (size before relaxing)

.comment        0x00000000       0x11
 .comment       0x00000000       0x11 main.o
                                 0x12 (size before relaxing)
 .comment       0x00000000       0x12 startup.o

.ARM.attributes
                0x00000000       0x33
 .ARM.attributes
                0x00000000       0x33 main.o
 .ARM.attributes
                0x00000033       0x33 startup.o

.debug_frame    0x00000000       0x94
 .debug_frame   0x00000000       0x48 main.o
 .debug_frame   0x00000048       0x4c startup.o
