
Memory Configuration

Name             Origin             Length             Attributes
MEM              0x00000000         0x04000000         xrw
*default*        0x00000000         0xffffffff

Linker script and memory map

                0x00010000                . = 0x10000

.startup        0x00010000       0x10
 startup.o(.text)
 .text          0x00010000       0x10 startup.o
                0x00010000                reset

.text           0x00010010       0x88
 *(.text)
 .text          0x00010010       0x20 App.o
                0x00010010                main
 .text          0x00010030       0x68 UART.o
                0x00010030                UART0_Send
 *(.rodata)

.glue_7         0x00010098        0x0
 .glue_7        0x00000000        0x0 linker stubs

.glue_7t        0x00010098        0x0
 .glue_7t       0x00000000        0x0 linker stubs

.vfp11_veneer   0x00010098        0x0
 .vfp11_veneer  0x00000000        0x0 linker stubs

.v4_bx          0x00010098        0x0
 .v4_bx         0x00000000        0x0 linker stubs

.iplt           0x00010098        0x0
 .iplt          0x00000000        0x0 startup.o

.rel.dyn        0x00010098        0x0
 .rel.iplt      0x00000000        0x0 startup.o

.data           0x00010098       0x64
 *(.data)
 .data          0x00010098        0x0 startup.o
 .data          0x00010098       0x64 App.o
                0x00010098                String
 .data          0x000100fc        0x0 UART.o

.igot.plt       0x000100fc        0x0
 .igot.plt      0x00000000        0x0 startup.o

.bss            0x000100fc        0x0
 *(.bss)
 .bss           0x000100fc        0x0 startup.o
 .bss           0x000100fc        0x0 App.o
 .bss           0x000100fc        0x0 UART.o
                0x000110fc                . = (. + 0x1000)
                0x000110fc                Stack_Top = .
LOAD App.o
LOAD UART.o
LOAD startup.o
OUTPUT(Program.elf elf32-littlearm)

.ARM.attributes
                0x00000000       0x2e
 .ARM.attributes
                0x00000000       0x22 startup.o
 .ARM.attributes
                0x00000022       0x32 App.o
 .ARM.attributes
                0x00000054       0x32 UART.o

.comment        0x00000000       0x11
 .comment       0x00000000       0x11 App.o
                                 0x12 (size before relaxing)
 .comment       0x00000000       0x12 UART.o

.debug_info     0x00000000      0x16a
 .debug_info    0x00000000       0xab App.o
 .debug_info    0x000000ab       0xbf UART.o

.debug_abbrev   0x00000000       0xf1
 .debug_abbrev  0x00000000       0x72 App.o
 .debug_abbrev  0x00000072       0x7f UART.o

.debug_loc      0x00000000       0x58
 .debug_loc     0x00000000       0x2c App.o
 .debug_loc     0x0000002c       0x2c UART.o

.debug_aranges  0x00000000       0x40
 .debug_aranges
                0x00000000       0x20 App.o
 .debug_aranges
                0x00000020       0x20 UART.o

.debug_line     0x00000000       0x9e
 .debug_line    0x00000000       0x4a App.o
 .debug_line    0x0000004a       0x54 UART.o

.debug_str      0x00000000       0xc9
 .debug_str     0x00000000       0xa5 App.o
                                 0xbe (size before relaxing)
 .debug_str     0x000000a5       0x24 UART.o
                                 0xd0 (size before relaxing)

.debug_frame    0x00000000       0x54
 .debug_frame   0x00000000       0x2c App.o
 .debug_frame   0x0000002c       0x28 UART.o
